11:01:09 **** Incremental Build of configuration Debug for project lab3 ****
make -j12 all 
arm-none-eabi-gcc "../Core/Src/fsm_traffic_light.c" -mcpu=cortex-m3 -std=gnu11 -g3 -DDEBUG -DUSE_HAL_DRIVER -DSTM32F103x6 -c -I../Core/Inc -I../Drivers/STM32F1xx_HAL_Driver/Inc -I../Drivers/STM32F1xx_HAL_Driver/Inc/Legacy -I../Drivers/CMSIS/Device/ST/STM32F1xx/Include -I../Drivers/CMSIS/Include -O0 -ffunction-sections -fdata-sections -Wall -fstack-usage -MMD -MP -MF"Core/Src/fsm_traffic_light.d" -MT"Core/Src/fsm_traffic_light.o" --specs=nano.specs -mfloat-abi=soft -mthumb -o "Core/Src/fsm_traffic_light.o"
../Core/Src/fsm_traffic_light.c: In function 'fsm_traffic_light':
../Core/Src/fsm_traffic_light.c:34:4: warning: implicit declaration of function 'update7SEGLandscape' [-Wimplicit-function-declaration]
   34 |    update7SEGLandscape(index_ledlc);
      |    ^~~~~~~~~~~~~~~~~~~
../Core/Src/fsm_traffic_light.c:35:4: warning: implicit declaration of function 'update7SEGPortrait' [-Wimplicit-function-declaration]
   35 |    update7SEGPortrait(index_ledpt);
      |    ^~~~~~~~~~~~~~~~~~
arm-none-eabi-gcc -o "lab3.elf" @"objects.list"   -mcpu=cortex-m3 -T"D:\VXL_VDK_Lab\Lab 3\STM32\lab3\STM32F103C6UX_FLASH.ld" --specs=nosys.specs -Wl,-Map="lab3.map" -Wl,--gc-sections -static --specs=nano.specs -mfloat-abi=soft -mthumb -Wl,--start-group -lc -lm -Wl,--end-group
Finished building target: lab3.elf
 
arm-none-eabi-size   lab3.elf 
arm-none-eabi-objdump -h -S  lab3.elf  > "lab3.list"
arm-none-eabi-objcopy  -O ihex  lab3.elf  "lab3.hex"
   text	   data	    bss	    dec	    hex	filename
   9712	    120	   1840	  11672	   2d98	lab3.elf
arm-none-eabi-objcopy  -O binary  lab3.elf  "lab3.bin"
Finished building: default.size.stdout
 
Finished building: lab3.hex
Finished building: lab3.bin
 
 
Finished building: lab3.list
 

11:01:09 Build Finished. 0 errors, 2 warnings. (took 648ms)

